00000000,allwindow.BMP
00044918,allwindow2.bmp.bmp
00089230,CDウィンドウ.bmp
000A6068,CONFIGwindow.BMP
000ADBA0,EV029.bmp
0018EBD8,FFwindow.BMP
00196710,FFwindow2.BMP
0019A348,LOADwindow.BMP
001A1E80,OK.bmp
001A2C38,OP_allwindow.bmp
001DE8B0,OP_LOAD.BMP
001E0FE8,OP_QUIT.BMP
001E3720,QUITwindow.BMP
001EB258,QUITwindow2.BMP
001EEE90,SAVEwindow.BMP
001F69C8,STOPwindow.BMP
001FE500,STOPwindow2.BMP
00202138,TEST.bmp
002E3170,TEXTwindow.BMP
002EB788,３人仲良しＥＤ.BMP
003CC7C0,５２２真理子便所フェラ前.bmp
003D3E3C,５２３真理子便所フェラ.bmp
003DB4B8,５２４真理子顔射前.bmp
003E2B34,５２５真理子顔射.bmp
003EA1B0,５２６真理子部室脱衣.bmp
003F182C,５２７真理子部室オナニー.bmp
003F8EA8,５２８真理子部室本番.bmp
00400524,５２８真理子部室本.bmp
00407BA0,５２９萌保健室下着１.bmp
0040F21C,５３０萌保健室下着２.bmp
00416898,５３１萌保健室下着３.bmp
0041DF14,５３２萌保健室仮面.bmp
00425590,５３３萌保健室怯.bmp
0042CC0C,５３４萌保健室悪戯上.bmp
00434288,５３５萌保健室悪戯下.bmp
0043B904,５３６萌保健室手拘束.bmp
00442F80,５３８萌保健室フェラ.bmp
0044A5FC,５３９萌保健室上下.bmp
00451C78,５４０萌保健室上下回想.bmp
004592F4,５４１萌保健室顔射.bmp
00460970,５４２萌保健室呆然.bmp
00467FEC,５４３萌保健室拘束.bmp
0046F668,５４４萌保健室服切.bmp
00476CE4,５４５萌保健室浣腸.bmp
0047E360,５４６萌保健室揉.bmp
004859DC,５４７萌保健室注射器.bmp
0048D058,５４８萌保健室貼.bmp
004946D4,５４９萌保健室解放.bmp
0049BD50,５５０真理子部屋脱.bmp
004A33CC,５５１真理子部屋オナニー.bmp
004AAA48,５５２真理子部屋クリップ.bmp
004B20C4,５５３萌保健室廣一押.bmp
004B9740,５５４萌保健室体重計.bmp
004C0DBC,５５５萌保健室体重計２.bmp
004C8438,５５６萌保健室体温計.bmp
004CFAB4,５５７萌体重計浣腸.bmp
004D7130,５５８萌保健室２本フェラ.bmp
004DE7AC,５５９萌保健室２本フェラ放出.bmp
004E5E28,５６０萌座高計聴診器.bmp
004ED4A4,５６１萌座高計聴診器２.bmp
004F4B20,５６２主将連中保健室.bmp
004FC19C,５６３萌保健室輪.bmp
00503818,５６４萌保健室真理子.bmp
0050AE94,５６７萌廊下.bmp
00512510,５６８萌健司バレー部.bmp
00519B8C,５６９萌健司部室愛撫.bmp
00521208,５７０萌健司部室フェラ.bmp
00528884,５７１萌健司部室本番.bmp
0052FF00,５７１萌健司部室本.bmp
0053757C,５７２真理子保健室フェラ.bmp
0053EBF8,５７６真理子保健室本番.bmp
00546274,５７６真理子保健室本.bmp
0054D8F0,５７９真理子保健室終.bmp
00554F6C,５８０真理子保健室会話.bmp
0055C5E8,５８１萌保健室輪２.bmp
00563C64,５８２萌保健室放心２.bmp
0056B2E0,５８３萌保健室２本挿入.bmp
0057295C,５８４健司保健室絶望.bmp
00579FD8,５８５用務員保健室悪戯.bmp
00581654,５８６萌保健室医療器具.bmp
00588CD0,５８７萌保健室乱心.bmp
0059034C,５８８健司真理子部室.bmp
005979C8,５８９健司真理子部室本番.bmp
0059F044,５８９健司真理子部室本.bmp
005A66C0,５９０健司真理子部室放出.bmp
005ADD3C,５９１萌偽保健室本.bmp
005B53B8,５９２健司真理子保健室寝.bmp
005BCA34,５９４萌保健室クスコ.bmp
005C40B0,５９５新任トイレオナニー.bmp
005CB72C,５９６新任トイレオナニー２.bmp
005D2DA8,５９７新任トイレオナニー３.bmp
005DA424,５９８新任トイレフェラ.bmp
005E1AA0,５９９新任教師トイレＳＥＸ.bmp
005E911C,６００萌保健室天使.bmp
005F0798,６０１真理子部室ＥＤ.bmp
005F7E14,６０２新任保健室ＥＤ.bmp
005FF490,６０３新任ビデオ画面.bmp
00606B0C,６０４ビデオ画面.bmp
0060E188,６１０ビデオ画面２.bmp
00615804,６１１萌健司部室本番２.bmp
0061CE80,６１１萌健司部室本２.bmp
006244FC,６１２萌部室ＴＥＬ.bmp
0062BB78,ＬＯＧＧ.BMP
0070CBB0,はさみ.BMP
007EDBE8,アルコール.BMP
008CEC20,アルコール小済.BMP
008DA5F8,アルコール小.BMP
008E9900,イチジク浣腸.BMP
009CA938,カメラ.bmp
00AAB970,クスコ.bmp
00B8C9A8,クスコ小済.BMP
00B964D8,クスコ小.BMP
00BA2E28,クリップ.BMP
00C83E60,グラフィック.bmp
00D64E98,サウンド.bmp
00E45ED0,タイトル.BMP
00F26F08,ディレクター.bmp
01007F40,バレー部室.bmp
010E8F78,ビデオ画面２.BMP
011C9FB0,ビデオ画面.BMP
012AAFE8,ビデオカメラ.bmp
0138C020,プログラム.bmp
0146D058,ホワイト.bmp
0154E090,医療用鞄選び用.BMP
0162F0C8,医療用鞄.BMP
01710100,運動場.bmp
017F1138,回想.BMP
017F7A70,回想Back.bmp
017FCDA0,回想FFwindow.BMP
018053B8,回想Next.bmp
0180A6E8,回想Quit.bmp
0180FA18,回想STOPwindow.BMP
01818030,回想画面06.bmp
018F9068,回想画面07.bmp
019DA0A0,回想画面08.bmp
01ABB0D8,回想ページ01.bmp
01ABBC50,回想ページ02.bmp
01ABC7C8,回想ページ03.bmp
01ABD340,回想ページ04.bmp
01ABDEB8,回想ページB.bmp
01ABEA30,回想ページA.bmp
01ABF5A8,回想ページD.bmp
01AC0120,回想ページC.bmp
01AC0C98,回想画面A.bmp
01BA1CD0,回想画面B.bmp
01C82D08,回想画面01.bmp
01D63D40,回想画面02.bmp
01E44D78,回想画面03.bmp
01F25DB0,回想画面04.bmp
02006DE8,回想画面C.bmp
020E7E20,回想画面D.bmp
021C8E58,回想画面05.bmp
022A9E90,回想非.BMP
022B07C8,企画.bmp
02391800,休憩時間教室.bmp
02472838,教室.bmp
02553870,教室授業中.bmp
026348A8,教室無人.BMP
027158E0,携帯.bmp
027F6918,健司真理子保健室寝.BMP
028D7950,健司真理子部室本番.BMP
029B8988,健司真理子部室放出.BMP
02A999C0,健司真理子部室.BMP
02B7A9F8,健司真理子部室本.BMP
02C5BA30,健司体育館怪我.BMP
02D3CA68,健司体操服通常.BMP
02D9AE20,健司体操服渋面.BMP
02DF91D8,健司保健室絶望.BMP
02EDA210,原作.bmp
02FBB248,校舎全景夕.bmp
0309C280,校舎全景昼.BMP
0317D2B8,黒.bmp
031873D0,座健司通常.bmp
031E1408,座健司渋面.bmp
0323B440,座健司挙手・渋面.bmp
03295478,座健司挙手.bmp
032EF4B0,座真理子通常.bmp
03321EE8,座真理子挙手.bmp
03354920,座真理子む.bmp
03387358,座萌困惑・体調不良.bmp
033B9D90,座萌困惑.BMP
033EC7C8,座萌体調不良.bmp
0341F200,最初から非.BMP
03425B38,最初から.BMP
0342C470,主将連中保健室.BMP
0350D4A8,終了いいえ.bmp
0350F220,終了はい.bmp
03510F98,終了ウィンドウ.bmp
0352DDD0,終了回想非.BMP
03534708,終了回想.BMP
0353B040,終了初期非.BMP
03541978,終了初期.BMP
035482B0,女子トイレ.bmp
036292E8,新任トイレフェラ.BMP
0370A320,新任トイレオナニー３.BMP
037EB358,新任トイレオナニー２.BMP
038CC390,新任トイレオナニー.BMP
039AD3C8,新任ビデオ画面.bmp
03A8E400,新任教師トイレＳＥＸ.bmp
03B6F438,新任教師冷酷.BMP
03BBE070,新任教師通常.BMP
03C0CCA8,新任教師切ない.BMP
03C5B8E0,新任保健室登場.BMP
03D3C918,新任保健室ＥＤ.bmp
03E1D950,真っ暗.BMP
03EFE986,真理子部室外.BMP
03FDF9BE,真理子部室オナニー.BMP
040C09F6,真理子部室ＥＤ.BMP
041A1A2E,真理子部屋脱.BMP
04282A66,真理子部屋クリップ.BMP
04363A9E,真理子部屋オナニー.BMP
04444AD6,真理子部屋.bmp
04525B0E,真理子顔射前.BMP
04606B46,真理子顔射.BMP
046E7B7E,真理子涙目.bmp
0473C1B6,真理子電話.bmp
047907EE,真理子通常.bmp
047E4E26,真理子大む.bmp
0483945E,真理子困惑.bmp
0488DA96,真理子やれ.bmp
048E20CE,真理子へー.bmp
04936706,真理子え？.bmp
0498AD3E,真理子保健室本.BMP
04A6BD76,真理子部室本.BMP
04B4CDAE,真理子保健室廣一.BMP
04C2DDE6,真理子保健室本番.BMP
04D0EE1E,真理子保健室終.BMP
04DEFE56,真理子保健室会話.BMP
04ED0E8E,真理子保健室フェラ.BMP
04FB1EC6,真理子便所フェラ前.BMP
05092EFE,真理子便所フェラ.BMP
05173F36,真理子部室本番.BMP
05254F6E,真理子部室脱衣.BMP
05335FA6,真理子む.bmp
0538A5DE,真理子慌.bmp
053DEC16,真理子寂.bmp
0543324E,真理子笑.bmp
05487886,声優.bmp
055688BE,選択ウィンドウ塗り.BMP
055730F6,選択ウィンドウ.BMP
0557D92E,続きから非.BMP
05584266,続きから.BMP
0558AB9E,体育教師怒.bmp
055F4356,体育教師通常.BMP
0565DB0E,体育教師笑.BMP
056C72C6,体温計.bmp
057A82FE,体温計小済.BMP
057B2746,体温計小.BMP
057C00FE,男子トイレ.bmp
058A1136,男子便所入口.BMP
0598216C,男子便所個室.BMP
05A631A2,注意.bmp
05B441DA,注射器.bmp
05C25212,注射器小済.BMP
05C3067A,注射器小.BMP
05C3DED6,聴診器.bmp
05D1EF0E,聴診器小済.BMP
05D2B876,聴診器小.BMP
05D375AE,通学路.BMP
05E185E6,保健室.BMP
05EF961E,萌え？？.bmp
05F61756,萌ほんのちょっとむっ.bmp
05FC988E,萌む.bmp
060319C6,萌偽保健室本番.BMP
061129FE,萌偽保健室本.BMP
061F3A36,萌健司部室本番２.BMP
062D4A6E,萌健司部室本番.bmp
063B5AA6,萌健司部室愛撫.BMP
06496ADE,萌健司部室フェラ.BMP
06577B16,萌健司バレー部.BMP
06658B4E,萌健司部室本.bmp
06739B86,萌健司部室本２.BMP
0681ABBE,萌慌てる.bmp
06882CF6,萌困惑.bmp
068EAE2E,萌座高計聴診器２.BMP
069CBE66,萌座高計聴診器.BMP
06AACE9E,萌寂しげ.bmp
06B14FD6,萌笑い.bmp
06B7D10E,萌色気.bmp
06BE5246,萌色気のある恥ずかしさ.bmp
06C4D37E,萌体重計浣腸.bmp
06D2E3B6,萌体調不良.bmp
06D964EE,萌通常.bmp
06DFE626,萌部室ＴＥＬ.BMP
06EDF65E,萌保健室貼.BMP
06FC0696,萌保健室天使.BMP
070A16CE,萌保健室注射器.BMP
07182706,萌保健室体重計２.BMP
0726373E,萌保健室体重計.BMP
07344776,萌保健室体温計.BMP
074257AE,萌保健室真理子.BMP
075067E6,萌保健室上下回想.BMP
075E781E,萌保健室上下.BMP
076C8856,萌保健室手拘束.BMP
077A988E,萌保健室再来.BMP
0788A8C6,萌保健室拘束.BMP
0796B8FE,萌保健室怯.BMP
07A4C936,萌保健室顔射.BMP
07B2D96E,萌保健室解放.BMP
07C0E9A6,萌保健室仮面.BMP
07CEF9DE,萌保健室下着３.BMP
07DD0A16,萌保健室下着２.BMP
07EB1A4E,萌保健室下着１.BMP
07F92A86,萌保健室医療器具.BMP
08073ABE,萌保健室悪戯上.BMP
08154AF6,萌保健室悪戯下.BMP
08235B2E,萌保健室ベッド２.BMP
08316B66,萌保健室ベッド.BMP
083F7B9E,萌保健室へ２.BMP
084D8BD6,萌保健室へ.BMP
085B9C0E,萌保健室フェラ.BMP
0869AC46,萌保健室クスコ.BMP
0877BC7E,萌保健室２本挿入.BMP
0885CCB6,萌保健室２本フェラ放出.BMP
0893DCEE,萌保健室２本フェラ.BMP
08A1ED26,萌保健室浣腸.BMP
08AFFD5E,萌保健室揉.BMP
08BE0D96,萌保健室廣一押.bmp
08CC1DCE,萌保健室輪２.bmp
08DA2E06,萌保健室輪.BMP
08E83E3E,萌保健室乱心.bmp
08F64E76,萌保健室放心２.BMP
09045EAE,萌保健室呆然.BMP
09126EE6,萌保健室服切.BMP
09207F1E,萌涙目.bmp
09270056,萌廊下.BMP
0935108E,用務員保健室悪戯.BMP
094320C6,廊下.bmp
095130FE,廊下昼.BMP
095F4136,廊下夕.bmp
096D516E,廣一にらみ.BMP
0973BC26,廣一通常.BMP
097A26DE,廣一面.BMP
09809196
