00000000,allwindow.BMP
0004BF38,CONFIGwindow.BMP
00054550,EXIT.bmp
00057A08,FFwindow.BMP
00060020,LOADwindow.BMP
00068638,OP_allwindow.bmp
000A826E,OP_LOAD.BMP
000B0886,OP_QUIT.BMP
000B8E9E,QUITwindow.BMP
000C14B6,SAVEwindow.BMP
000C9ACE,STOPwindow.BMP
000D20E6,TEXTwindow.BMP
000DA6FE,WIN_Hatena.BMP
000E6076,？？？.bmp
000F018E,１日目.bmp
001D11C6,２日目.bmp
002B21FE,３日目.bmp
00393236,４日目.bmp
0047426E,５日目.bmp
005552A6,６日目.bmp
006362DE,７日目.bmp
00717316,ＬＯＧＧ.BMP
007F834E,ＳＴＡＦＦ６.bmp
008D9386,ＳＴＡＦＦ５.bmp
009BA3BE,ＳＴＡＦＦ４.bmp
00A9B3F6,ＳＴＡＦＦ３.bmp
00B7C42E,ＳＴＡＦＦ２.bmp
00C5D466,ＳＴＡＦＦ１.bmp
00D3E49E,ＳＴＡＦＦ７.bmp
00E1F4D6,ＳＴＡＦＦ８.bmp
00F0050E,ＴＨＥＥＮＤ.bmp
00FE1546,ちまみれ謎女回想.bmp
010C257E,ちまみれ謎女２回想.bmp
011A35B6,ちまみれ謎女２.BMP
012845EE,ちまみれ謎女.BMP
01365626,アジト.bmp
0144665E,アジト朝.bmp
01527696,エピローグ２.bmp
016086CE,エピローグ１.bmp
016E9706,キッチン.bmp
017CA73E,ゲーセン正面.bmp
018AB776,タイトル.BMP
0198C7AE,テキストウィンドウ.BMP
019B2BE6,ビルぶれ.bmp
01A93C1E,ビル外観.BMP
01B74C56,プリクラ.bmp
01C55C8E,ホワイト.bmp
01D36CC6,ボード.bmp
01E17CFE,ボックスＨ.bmp
01EF8D36,ポシェット.bmp
01FD9D6E,ラスト殴り１.bmp
020BADA6,ラストベッド１.BMP
0219BDDE,ラストベッド２.BMP
0227CE16,ラスト倉庫９.bmp
0235DE4E,ラスト倉庫８.bmp
0243EE86,ラスト倉庫７.bmp
0251FEBE,ラスト倉庫６＋.bmp
02600EF6,ラスト倉庫６.bmp
026E1F2E,ラスト倉庫５.bmp
027C2F66,ラスト倉庫４＋.bmp
028A3F9E,ラスト倉庫４.bmp
02984FD6,ラスト倉庫３＋.bmp
02A6600E,ラスト倉庫３.bmp
02B47046,ラスト倉庫２＋.bmp
02C2807E,ラスト倉庫２.bmp
02D090B6,ラスト倉庫１３.bmp
02DEA0EE,ラスト倉庫１２＋＋＋.bmp
02ECB126,ラスト倉庫１２＋＋.bmp
02FAC15E,ラスト倉庫１２＋.bmp
0308D196,ラスト倉庫１２.bmp
0316E1CE,ラスト倉庫１１.bmp
0324F206,ラスト倉庫１０.bmp
0333023E,ラスト倉庫１＋.bmp
03411276,ラスト倉庫１.bmp
034F22AE,ラスト倉庫.bmp
035D32E6,ラストベッド３.bmp
036B431E,ラスト倉庫１３＋.bmp
03795356,ラストベッド綾香.bmp
0387638E,ラスト玲子ベッド５.bmp
039573C6,ラスト玲子ベッド４.bmp
03A383FE,ラスト玲子ベッド３.bmp
03B19436,ラスト玲子ベッド２.bmp
03BFA46E,ラスト玲子ベッド１.bmp
03CDB4A6,ラスト殴り５.bmp
03DBC4DE,ラスト殴り４.bmp
03E9D516,ラスト殴り３.bmp
03F7E54E,ラスト殴り２.bmp
0405F586,綾香1-907反転.bmp
040865BE,綾香1-907.bmp
040AD5F6,綾香2-908反転.bmp
040D4FEE,綾香2-908.bmp
040FC9E6,綾香3-909反転.bmp
0412209E,綾香3-909.bmp
04147756,綾香4-903反転.bmp
0416872E,綾香4-903.bmp
04189706,綾香907ケツ.bmp
041B073E,綾香907ケツ反転.bmp
041D7776,綾香908ケツ写真.bmp
041FF16E,綾香908ケツ写真反転.bmp
04226B66,綾香909Ｈ.bmp
0424C21E,綾香909Ｈ反転.bmp
042718D6,綾香表情ラリル.bmp
0427B9EC,綾香表情ニコ.bmp
04285B02,綾香イメージ裸.BMP
04366B3A,綾香バイブ.BMP
04447B72,綾香ベッド.bmp
04528BAA,綾香喫茶店.BMP
04609BE2,綾香喫茶店回想.BMP
046EAC1A,綾香死亡.bmp
047CBC52,綾香私服立.BMP
0480741A,綾香尻本番.BMP
048E8452,綾香尻本番＋.BMP
049C948A,綾香前戯.BMP
04AAA4C2,綾香表情キャハハ.bmp
04AB45D8,綾香表情怒り.bmp
04ABE6EE,綾香表情薬中.bmp
04AC8804,綾香表情不機嫌.bmp
04AD291A,綾香表情通常.bmp
04ADCA30,綾香表情きょとん.bmp
04AE6B46,綾香表情あくび.bmp
04AF0C5E,綾香表情朦朧.bmp
04AFAD74,綾香表情苦.bmp
04B04E8A,綾香表情.bmp
04B0EFA0,綾香部屋.bmp
04BEFFD8,綾香本番.BMP
04CD1010,綾香名前.bmp
04CD3118,綾香薬中903やる.bmp
04CF40F0,綾香薬中903やる反転.bmp
04D150C8,綾香薬中.BMP
04DF6100,綾麻表情朦朧.bmp
04E00218,綾麻表情苦.bmp
04E0A330,綾麻表情ラリル.bmp
04E14446,綾麻表情ニコ.bmp
04E1E55C,綾麻表情悲.bmp
04E28674,綾麻表情泣.bmp
04E3278C,奥さん登場.BMP
04F137C4,回想.BMP
04F17CFC,回想FFwindow.BMP
04F20314,回想STOPwindow.BMP
04F2892C,回想非.BMP
04F2CE64,階段.bmp
0500DE9C,喫茶店外観.BMP
050EEED4,喫茶店内.BMP
051CFF0C,居間.bmp
052B0F44,教室.BMP
05391F7C,教室回想用.bmp
05472FB4,業界人表情.BMP
0547D0CA,空フィルム４.bmp
0549E0A2,空フィルム１.bmp
054C50DA,空フィルム２.bmp
054ECAD2,空フィルム３.bmp
0551218A,刑部綾香死亡.bmp
055F31C2,刑部死亡.bmp
056D41FA,拳銃ＯＦＦ.BMP
057B5232,拳銃ＯＮ.BMP
0589626A,工場.bmp
059772A2,校門前.BMP
05A582DA,校門前夕.bmp
05B39312,黒.bmp
05B4342A,最初から非.BMP
05B47962,最初から.BMP
05B4BE9A,札束.bmp
05C2CED2,紙袋.bmp
05D0DF0A,実行委員会.bmp
05DEEF42,写真.BMP
05ECFF7A,社長セクハラ.bmp
05FB0FB2,社長死亡.BMP
06091FEA,社長変態２.bmp
06173022,社長変態.BMP
0625405A,終了１.BMP
06258592,終了１非.BMP
0625CACA,終了２.BMP
06261002,終了２非.BMP
0626553A,住宅街昼.BMP
06346572,住宅街夜.bmp
064275AA,初弾.BMP
065085E2,伸也表情ふぅ.BMP
065126F8,伸也表情んんっ.BMP
0651C80E,伸也表情好色.BMP
06526924,伸也表情困惑.BMP
06530A3A,伸也表情思慮.BMP
0653AB50,伸也表情痛.BMP
06544C66,伸也表情通常.BMP
0654ED7C,伸也表情吐.BMP
06558E92,伸也表情怒.BMP
06562FA8,伸也表情不機嫌.BMP
0656D0BE,伸也表情落胆.BMP
065771D4,伸也表情ニコ.BMP
065812EA,伸也表情あしらう.BMP
0658B400,伸也表情あせり.BMP
06595516,伸也表情ガン.BMP
0659F62C,伸也表情きょとん.BMP
065A9742,伸也表情ケッ.BMP
065B3858,伸也表情すまし.BMP
065BD96E,伸也表情だるい.BMP
065C7A84,伸也表情あくび.BMP
065D1B9A,伸也表情.BMP
065DBCB0,伸也部屋昼.bmp
066BCCE8,伸也部屋夕.bmp
0679DD20,伸也部屋.bmp
0687ED58,真っ暗.BMP
0695FD8E,親父表情通常.bmp
06969EA4,親父表情驚.bmp
06973FBA,親父表情ニコ.bmp
0697E0D0,親父表情ケッ.bmp
069881E6,親父表情あせり.bmp
069922FC,親父表情.bmp
0699C412,選択ウィンドウ.BMP
069A6C4A,倉庫端.BMP
06A87C82,倉庫端＋.BMP
06B68CBA,倉庫背景.bmp
06C49CF2,続きから非.BMP
06C4E22A,続きから.BMP
06C52762,抽斗.bmp
06D3379A,注意.bmp
06E147D2,店員表情.BMP
06E1E8E8,謎の女登場.bmp
06EFF920,謎の女登場回想.bmp
06FE0958,謎の女名前.bmp
06FE2910,謎女1-901反転.bmp
07009948,謎女1-901.bmp
07030980,謎女2-905反転.bmp
07058378,謎女2-905.bmp
0707FD70,謎女3-906反転.bmp
070A5428,謎女3-906.bmp
070CAAE0,謎女901長.bmp
070F1B18,謎女901長反転.bmp
07118B50,謎女905途中.bmp
07140548,謎女905途中反転.bmp
07167F40,謎女906住宅街.bmp
0718D5F8,謎女906住宅街反転.bmp
071B2CB0,謎女座.bmp
07293CE8,謎女住宅自慰４.BMP
07374D20,謎女昔.bmp
07455D58,謎女表情ちっ.bmp
0745FE6E,謎女表情ニコ.bmp
07469F84,謎女表情怯.bmp
0747409A,謎女表情狂.bmp
0747E1B0,謎女表情通常.bmp
074882C6,謎女表情悲.bmp
074923DC,謎女表情きょとん.bmp
0749C4F2,謎女表情不機嫌.bmp
074A6608,謎女表情.bmp
074B071E,謎女路地自慰３.BMP
07591756,謎女路地自慰３＋.BMP
0767278E,謎女路地自慰.bmp
077537C6,謎女路地自慰２＋.BMP
078347FE,謎女路地自慰２.BMP
07915836,謎女路地座.BMP
079F686E,謎女路地自慰４＋.bmp
07AD78A6,謎女路地自慰４.bmp
07BB88DE,繁華街.bmp
07C99916,埠頭昼.bmp
07D7A94E,埠頭夜.BMP
07E5B986,武と伸也学生.bmp
07F3C9BE,武と伸也中学生.bmp
0801D9F6,武アジト.BMP
080FEA2E,武少年院.BMP
081DFA66,武親父犯.BMP
082C0A9E,武表情.bmp
082CABB4,武表情通常.bmp
082D4CCA,武表情あせり.bmp
082DEDE0,武表情ニコ.bmp
082E8EF6,武表情にらみ.bmp
082F300C,武表情困惑.bmp
082FD122,武表情痛み.bmp
08307238,武表情悲しみ.bmp
0831134E,武表情不機嫌.bmp
0831B464,武立.BMP
0836B71C,封筒.bmp
0844C754,麻耶1-900反転.bmp
0847378C,麻耶1-900.bmp
0849A7C4,麻耶2-904反転.bmp
084C21BC,麻耶2-904.bmp
084E9BB4,麻耶900のぞく.bmp
08510BEC,麻耶900のぞく反転.bmp
08537C24,麻耶904本番.bmp
0855F61C,麻耶904本番反転.bmp
08587014,麻耶表情ぶぅ２.bmp
0859112A,麻耶表情ぶぅ.bmp
0859B240,麻耶表情とろん.bmp
085A5356,麻耶表情ドキドキ.bmp
085AF46C,麻耶表情チラ.bmp
085B9582,麻耶表情きょとん.bmp
085C3698,麻耶表情キャハハ２.bmp
085CD7AE,麻耶表情悲.bmp
085D78C4,麻耶表情泣.bmp
085E19DA,麻耶うずくまる.bmp
086C2A12,麻耶うずくまる＋.bmp
087A3A4A,麻耶だきつくあり.BMP
08884A82,麻耶だきつくなし.BMP
08965ABA,麻耶イメージ裸.BMP
08A46AF2,麻耶クンニ.bmp
08B27B2A,麻耶トレーナ.bmp
08C08B62,麻耶ブラパーツＡ.bmp
08CE9B9A,麻耶ブラパーツＢ.bmp
08DCABD2,麻耶ブラパーツＣ.bmp
08EABC0A,麻耶押さえ.bmp
08F8CC42,麻耶押さえ回想.bmp
0906DC7A,麻耶押したおし.BMP
0914ECB2,麻耶姿態.bmp
0922FCEA,麻耶生足２.BMP
09310D22,麻耶生足.bmp
093F1D5A,麻耶背後.BMP
094D2D92,麻耶表情キャハハ.bmp
094DCEA8,麻耶表情ニコ.bmp
094E6FBE,麻耶表情ふきげん.bmp
094EF876,麻耶表情唖然.bmp
094F998C,麻耶表情自慢.bmp
09503AA2,麻耶表情通常.bmp
0950DBB8,麻耶表情不機嫌.bmp
09517CCE,麻耶表情上目.bmp
09521DE4,麻耶表情自慢２.bmp
0952BEFA,麻耶表情.bmp
09536010,麻耶風呂自慰.BMP
09617048,麻耶風呂自慰２.bmp
096F8080,麻耶風呂裸.bmp
097D90B8,麻耶本番.BMP
098BA0F0,麻耶名前.bmp
098BCB28,薬瓶.bmp
0999DB60,薬莢刑部.BMP
09A7EB98,薬莢試.BMP
09B5FBD0,裏路地.bmp
09C40C08,立綾香私.bmp
09C8F840,立綾香制.bmp
09CDE478,立業界人.BMP
09D39B30,立店員.BMP
09D870E8,立謎の女裸.bmp
09DE3E20,立謎の女.bmp
09E40B58,立謎女.bmp
09E9D890,立謎女裸.bmp
09EFA5C8,立麻耶.bmp
09F3B100,立麻耶私服.bmp
09F7BC38,立麻耶制服.bmp
09FBC770,立麻耶私２.bmp
09FFD2A8,立麻耶私.bmp
0A03DDE0,立麻耶制.bmp
0A07E918,立玲子.bmp
0A0BF450,立玲子傷.bmp
0A0FFF88,玲子1-910反転.bmp
0A126FC0,玲子1-910.bmp
0A14DFF8,玲子2-911反転.bmp
0A1759F0,玲子2-911.bmp
0A19D3E8,玲子910傷.bmp
0A1C4420,玲子910傷反転.bmp
0A1EB458,玲子911本番.bmp
0A212E50,玲子911本番反転.bmp
0A23A848,玲子表情思慮.bmp
0A24495E,玲子表情ニコ.bmp
0A24EA74,玲子表情きょとん.bmp
0A258B8A,玲子表情キャハハ.bmp
0A262CA0,玲子表情きっ.bmp
0A26CDB6,玲子表情ガン.bmp
0A276ECC,玲子表情あせり.bmp
0A280FE2,玲子表情キャア.bmp
0A28B0F8,玲子表情朦朧.bmp
0A29520E,玲子ぎりぎり.bmp
0A376246,玲子イメージ.bmp
0A45727E,玲子イメージ裸.BMP
0A5382B6,玲子キスパーツＡ.bmp
0A6192EE,玲子キス傷.bmp
0A6FA326,玲子キスパーツＡ傷.bmp
0A7DB35E,玲子キス.bmp
0A8BC396,玲子ケツパーツＡ.bmp
0A99D3CE,玲子ケツ２.bmp
0AA7E406,玲子ケツ.bmp
0AB5F43E,玲子フェラ.bmp
0AC40476,玲子フェラパーツＡ.bmp
0AD214AE,玲子フェラパーツＢ.bmp
0AE024E6,玲子フェラ傷.bmp
0AEE351E,玲子フェラパーツＢ傷.bmp
0AFC4556,玲子フェラパーツＡ傷.bmp
0B0A558E,玲子ベッドパーツＡ.bmp
0B1865C6,玲子ベッド.bmp
0B2675FE,玲子ベッド回想.bmp
0B348636,玲子ベッド傷.bmp
0B42966E,玲子喫茶店.bmp
0B50A6A6,玲子前戯傷.bmp
0B5EB6DE,玲子前戯.bmp
0B6CC716,玲子表情冷酷.bmp
0B6D682C,玲子表情溜息.BMP
0B6E0942,玲子表情不満.bmp
0B6EAA58,玲子表情不機嫌.bmp
0B6F4B6E,玲子表情悲.bmp
0B6FEC84,玲子表情悩.bmp
0B708D9A,玲子表情通常.bmp
0B712EB0,玲子表情恥.bmp
0B71CFC6,玲子表情照れ.bmp
0B7270DC,玲子表情.bmp
0B7311F2,玲子武死.bmp
0B81222A,玲子文化祭座.bmp
0B8F3262,玲子本番２.bmp
0B9D429A,玲子本番傷.bmp
0BAB52D2,玲子本番２傷.bmp
0BB9630A,玲子本番.bmp
0BC77342,玲子名前.bmp
0BC792FA,俯瞰１.bmp
0BD5A332,俯瞰１Ａ.bmp
0BE3B36A,俯瞰２.bmp
0BF1C3A2,俯瞰３.bmp
0BFFD3DA
