00000000,ANA.BMP
0000A988,asa_3.bmp
0000B8F0,asagata.bmp
0000C528,atai_1.bmp
0000FFE0,atai_2.bmp
00013A98,atai_3.bmp
00017550,bannou.bmp
00018188,bar_load.bmp
0001C9C0,bar_save.bmp
000211F8,bar_select.bmp
00025A30,bar_warning.bmp
0002A268,base.bmp
000572A0,bgm_a.bmp
0005C3D8,bgm_b.bmp
0005FC50,bgm_c.bmp
000634C8,bgm_d.bmp
00066D40,bgm_e.bmp
0006A5B8,BLACK.BMP
0014B5F0,bomb1.bmp
0014D848,bomb2.bmp
0014FAA0,bomb3.bmp
00151CF8,botan1_a.bmp
00153EF0,botan1_b.bmp
001560E8,botan1_c.bmp
001582E0,botan1_d.bmp
0015A4D8,botan2_a.bmp
0015C6D0,botan2_b.bmp
0015E8C8,botan2_c.bmp
00160AC0,botan2_d.bmp
00162CB8,botan3_a.bmp
00164EB0,botan3_b.bmp
001670A8,botan3_c.bmp
001692A0,botan3_d.bmp
0016B498,botan_a.bmp
0016D690,botan_b.bmp
0016F888,botan_c.bmp
00171A80,botan_d.bmp
00173C78,botan_e.bmp
00179CB0,bunkei.bmp
0017A8E8,card_ei.bmp
0017B6A0,card_ei.bmp.bmp
0017C458,card_ei1.bmp
0017D690,card_ei2.bmp
0017E8C8,card_ei3.bmp
0017FB00,card_flash.bmp
001808B8,Card_jsh.bmp
00181670,Card_jsh1.bmp
001828A8,Card_jsh2.bmp
00183AE0,Card_jsh3.bmp
00184D18,card_koku.bmp
00185AD0,card_koku1.bmp
00186D08,card_koku2.bmp
00187F40,card_koku3.bmp
00189178,card_kyuu.bmp
00189F30,card_kyuu1.bmp
0018B168,card_kyuu2.bmp
0018C3A0,card_kyuu3.bmp
0018D5D8,card_ri.bmp
0018E390,card_ri1.bmp
0018F5C8,card_ri2.bmp
00190800,card_ri3.bmp
00191A38,card_suu.bmp
001927F0,card_suu1.bmp
00193A28,card_suu2.bmp
00194C60,card_suu3.bmp
00195E98,card_sya.bmp
00196C50,card_sya1.bmp
00197E88,card_sya2.bmp
001990C0,card_sya3.bmp
0019A2F8,Card_test.bmp
0019B0B0,cyara.bmp
001DD268,date_9.bmp
00205AA0,date_a.bmp
0020A2D8,date_b.bmp
0020EB10,date_base.bmp
00212EC8,date_c.bmp
00217700,date_du.bmp
00218110,date_mo.bmp
00218B20,date_ni.bmp
00219530,date_ru.bmp
00219F40,DUMMY.bmp
002FAF78,dw_1.bmp
002FB790,dw_2.bmp
002FBFA8,dw_suuji.bmp
002FD060,file_a.bmp
00302198,file_b.bmp
00305A10,file_c.bmp
00309288,file_d.bmp
0030CB00,file_e.bmp
00310378,fire0.bmp
0034F830,fire1.bmp
0038ECE8,fire2.bmp
003CE1A0,fire3.bmp
0040D658,gage_dw.bmp
0040FC10,gage_pink.bmp
004121C8,gage_up.bmp
00414780,game_a.bmp
004198B8,game_b.bmp
0041D130,game_c.bmp
004209A8,game_d.bmp
00424220,game_e.bmp
00427A98,gauge.bmp
0042DAD0,hanyou_sita.bmp
0042F308,hanyou_ue.bmp
00430B40,hanyou_waku.bmp
00435378,heikin.bmp
00435FB0,heikin_3.bmp
00436F18,hozumi_a.bmp
00441D50,hozumi_b.bmp
0044CB88,hozumi_c.bmp
0044E870,huro_a.bmp
00457D28,huro_b.bmp
004611E0,huro_c.bmp
00462EC8,iriguchi_a.bmp
00477720,iriguchi_b.bmp
0048BF78,iriguchi_c.bmp
0048D930,k_but.bmp
00494F88,k_eig.bmp
0049C5E0,k_kok.bmp
004A3C38,k_rek.bmp
004AB290,k_suu.bmp
004B28E8,kakoi_sita.bmp
004B4120,kakoi_ue.bmp
004B5958,kazuya_a.bmp
004BD310,kazuya_b.bmp
004C4CC8,kazuya_c.bmp
004C69B0,kyousitu_a.bmp
004D4548,kyousitu_b.bmp
004E20E0,kyousitu_c.bmp
004E3A98,kyousitu_d.bmp
004F09D0,kyousitu_e.bmp
004FD908,kyousitu_f.bmp
004FF140,LOGO.BMP
005304F8,m_base1.bmp
00532330,m_base2.bmp
0053D768,m_tensou.bmp
0053F2A0,map_base.bmp
006202D6,map_ei.bmp
00620F0E,map_jsh.bmp
00621B46,map_koku.bmp
0062277E,map_kyuu.bmp
006233B6,map_option1.bmp
00625DEE,map_option2.bmp
00628826,map_option3.bmp
0062B25E,map_ri.bmp
0062BE96,map_status1.bmp
0062E8CE,map_status2.bmp
00631306,map_status3.bmp
00633D3E,map_suu.bmp
00634976,map_sya.bmp
006355AE,mayumi_a.bmp
0063CF66,mayumi_b.bmp
0064491E,mayumi_c.bmp
00646606,miyuki_1.bmp
0064885E,miyuki_2.bmp
0064AAB6,miyuki_3.bmp
0064CD0E,miyuki_a1.bmp
0064EF66,miyuki_a2.bmp
006511BE,miyuki_a3.bmp
00653416,nakaniwa_a.bmp
006696DE,nakaniwa_b.bmp
0067F9A6,nakaniwa_c.bmp
0068135E,no_select_a.bmp
00682E96,no_select_b.bmp
006849CE,no_select_c.bmp
00686506,number_nuki.bmp
0068743E,ok_1.bmp
0068AEF6,ok_2.bmp
0068E9AE,ok_3.bmp
00692466,omake.bmp
0069861E,omake_4-i1.bmp
0069C854,omake_4-i2.bmp
006A0A8A,omake_4-j1.bmp
006A4CC0,omake_4-j2.bmp
006A8EF6,omake_4-k1.bmp
006AD12C,omake_4-k2.bmp
006B1362,omake_4-l1.bmp
006B5598,omake_4-l2.bmp
006B97CE,omake_4-m1.bmp
006BDA04,omake_4-m2.bmp
006C1C3A,omake_5-j1.bmp
006C5E70,omake_5-j2.bmp
006CA0A6,omake_5-k1.bmp
006CE2DC,omake_5-k2.bmp
006D2512,omake_5-l1.bmp
006D6748,omake_5-l2.bmp
006DA97E,omake_5-m1.bmp
006DEBB4,omake_5-m2.bmp
006E2DEA,omake_6-b1.bmp
006E7020,omake_6-b2.bmp
006EB256,omake_6-f1.bmp
006EF48C,omake_6-f2.bmp
006F36C2,omake_6-i1.bmp
006F78F8,omake_6-i2.bmp
006FBB2E,omake_6-k1.bmp
006FFD64,omake_6-k2.bmp
00703F9A,omake_7-l1.bmp
007081D0,omake_7-l2.bmp
0070C406,omake_7-m1.bmp
0071063C,omake_7-m2.bmp
00714872,omake_7-z1.bmp
00718AA8,omake_7-z2.bmp
0071CCDE,omake_8-e1.bmp
00720F14,omake_8-e2.bmp
0072514A,omake_8-i1.bmp
00729380,omake_8-i2.bmp
0072D5B6,omake_8-j1.bmp
007317EC,omake_8-j2.bmp
00735A22,omake_8-z1.bmp
00739C58,omake_8-z2.bmp
0073DE8E,omake_base.bmp
0081EEC6,omake_k.bmp
0082507E,omake_title1.bmp
008292B6,omake_title2.bmp
0082D4EE,omake_title3.bmp
00831726,option_menu.bmp
0083ABDE,option_sita.bmp
0083D496,panel_a.bmp
008434CE,panel_b.bmp
00849506,panel_c.bmp
0084F53E,panel_d.bmp
00855576,panel_e.bmp
0085B5AE,point_1.bmp
0085F066,point_2.bmp
00862B1E,point_3.bmp
008665D6,point_suuji.bmp
0086930E,reika_a.bmp
00874F56,reika_b.bmp
00880B9E,reika_c.bmp
00882886,retuern_a.bmp
008879BE,retuern_b.bmp
0088B236,retuern_c.bmp
0088EAAE,rikei.bmp
0088F6E6,ryou_a.bmp
0089709E,ryou_b.bmp
0089EA56,ryou_c.bmp
008A073E,saisyo.bmp
008A68F6,saisyo_k.bmp
008ACAAE,screen_a.bmp
008B1BE6,screen_b.bmp
008B545E,screen_c.bmp
008B8CD6,screen_d.bmp
008BC54E,screen_e.bmp
008BFDC6,screen_f.bmp
008C363E,SD英語失敗.bmp
008DAA76,SD英語成功.bmp
008EEEAE,SD英語通常.bmp
009062E6,SD国語失敗.bmp
0091DF5E,SD国語成功.bmp
00931796,SD国語通常.bmp
009533CE,SD数学失敗.bmp
00963006,SD数学成功.bmp
0097CE3E,SD数学通常.bmp
0098D676,SD物理失敗.bmp
009C2E3E,SD物理成功.bmp
009D8476,SD物理通常.bmp
009F10AE,SD歴史失敗.bmp
00A174E6,SD歴史成功.bmp
00A3251E,SD歴史通常.bmp
00A46956,settei.bmp
00A4CB0E,settei_k.bmp
00A52CC6,sk_base.bmp
00A92CBE,sk_koudou.bmp
00AA82F6,sk_under.bmp
00AA9FAE,st_base.bmp
00AFDB66,staff11.BMP
00B1439E,sutera_a.bmp
00B1F986,sutera_b.bmp
00B2AF6E,sutera_c.bmp
00B2C926,suuji.bmp
00B2D85E,syoki_base.bmp
00B90AD6,syuuryou.bmp
00B96C8E,syuuryou_k.bmp
00B9CE46,taitoru_base.bmp
00C7DE7C,TO.BMP
00C86734,tuduki.bmp
00C8C8EC,tuduki_k.bmp
00C92AA4,up_1.bmp
00C932BC,up_2.bmp
00C93AD4,up_suuji.bmp
00C94B8C,voise_a.bmp
00C99CC4,waku.bmp
00C9AC2C,waku_sita.bmp
00C9BFE4,waku_ue.bmp
00C9D39C,WHITE.BMP
00D7E3D2,yoru_3.bmp
00D7F33A,yorugata.bmp
00D7FF72,yotei_ok1.bmp
00D859AA,yotei_ok2.bmp
00D8B3E2,yotei_ok3.bmp
00D90E1A,youbi_nuki.bmp
00D92352,youko_a.bmp
00D9D18A,youko_b.bmp
00DA7FC2,youko_c.bmp
00DA9CAA,ＧＡＭＥＯＶＥＲ.bmp
00E8ACE0,ＳＤＢＧ.bmp
00EB7598,お昼寝マユミＡ.bmp
00F985CE,お昼寝マユミＢ.bmp
01079604,お部屋で実験.bmp
0115A63A,だきしめステラ.bmp
0123B672,ばつ.bmp
0123EF56,まる.bmp
0124283A,ソノコＥＤ.bmp
01323870,トゥルーエンド.bmp
014048A6,カスミＨ.bmp
015C68DC,カスミとレズ.bmp
016A7914,カスミに教える.bmp
0178894C,カスミの応援.bmp
0187E382,カスミを鞭で打つ.bmp
0195F3B8,カスミ調教.bmp
01A403F0,カズヤと勉強.bmp
01B21426,カズヤを鞭で打つ.bmp
01C0245C,バイブをなんとか.bmp
01CE3492,バイブ挿入.bmp
01DC44C8,ヒビキＥＤ.bmp
01EA54FE,ヒビキの手むかえ.bmp
01F86534,ビデオオナニー.bmp
0206756A,スタッフ.bmp
022295A2,ステラＥＤ.bmp
0230A5D8,ステラＳＥＸ.bmp
023EB60E,ステラの誤解.bmp
024CC644,ホームシックＡ.bmp
025AD67A,ホームシックＢ.bmp
0268E6B0,ホームシックＣ.bmp
0276F6E6,ホズミＥＤ２.bmp
0285071C,ホズミしばられ.bmp
02931752,ホズミとＳＥＸ.bmp
02A12788,マユミＥＤ.bmp
02AF37BE,マユミＳＥＸ.bmp
02BD47F4,マユミとばったり.bmp
02CB582A,マユミの昼休み.bmp
02D96860,マユミの秘密.bmp
02E77896,マユミ抱き枕.bmp
02F588CC,ミユキ光臨.bmp
03039902,ムチのあと薬.bmp
0311A938,ヨーコにしばられ.bmp
032DC96E,ヨウコＥＤ.bmp
033BD9A4,ヨウコとＳＥＸ.bmp
0349E9DC,ヨウコレズ.bmp
0357FA12,ヨウコローソク.bmp
03660A48,ラストクリスマス.bmp
03741A7E,リョウＥＤ.bmp
03822AB4,リョウ勝ちＥＤ.bmp
03903AEA,レイカＥＤＡ.bmp
039E4B20,レイカＥＤＢ.bmp
03AC5B56,レイカとデート.bmp
03BA6B8C,レイカとリョウ.bmp
03C87BC2,レイカと寝顔.bmp
03D68BF8,レイカにいたずら.bmp
03E49C2E,レイカフェラ.bmp
03F2AC64,レイカ宿題解説.bmp
0400BC9A,レイカ縛られる.bmp
040ECCD0,英語で書く.bmp
041CDD06,可愛いヨウコ.bmp
042AED3C,甘えるヨウコＡ.bmp
0438FD72,甘えるヨウコＢ.bmp
04470DA8,甘えるヨウコＣ.bmp
04551DDE,泣きステラ.bmp
04632E14,筋肉弛緩剤.bmp
04713E4A,黒板１.bmp
04748502,自家製バイアグラ.bmp
04829538,自習1.bmp
0482A2F0,自習2.bmp
0482B528,実験体の回復.bmp
0490C55E,酔いステラ.bmp
049ED594,測定.bmp
04ACE5CA,恥ずかしい想い.bmp
04BAF600,朝カズヤ.bmp
04C90636,背お風呂.bmp
04D7166C,背カズヤ.bmp
04E526A2,背ステラ.bmp
04F336D8,背ホズミ.bmp
0501470E,背マユミ.bmp
050F5744,背ヨウコ.bmp
051D677A,背リョウ.bmp
052B77B0,背レイカ.bmp
053987E6,背館外観.bmp
0547981C,背教室Ａ.bmp
0555A852,背教室Ｂ.bmp
0563B888,背教室授業中.bmp
0571C8BE,背中庭.bmp
057FD8F4,背廊下.bmp
058DE92A,縛りカズヤ.bmp
059BF960,別れ朝カスミＡ.bmp
05AA0996,別れ朝カスミＢ.bmp
05ACACCE,優しい気持ち.bmp
05BABD04,立ソノコ恐.bmp
05C16B3C,立ソノコ驚.bmp
05C81974,立ソノコ嫌.bmp
05CEC7AC,立ソノコ笑.bmp
05D575E4,立ソノコ通常.bmp
05DC241C,立ソノコ通常赤.bmp
05E2D254,立ソノコ怒.bmp
05E9808C,立ソノコ悲.bmp
05F02EC4,立カスミ恐.bmp
05F736FC,立カスミ驚.bmp
05FE3F34,立カスミ嫌.bmp
0605476C,立カスミ笑.bmp
060C4FA4,立カスミ通常.bmp
061357DC,立カスミ通常赤.bmp
061A6014,立カスミ怒.bmp
0621684C,立カスミ悲.bmp
06287084,立カズヤ恐.bmp
06313ABC,立カズヤ嫌.bmp
063A04F4,立カズヤ笑.bmp
0642CF2C,立カズヤ通常.bmp
064B9964,立カズヤ怒.bmp
0654639C,立カズヤ悲.bmp
065D2DD4,立ヒビキ恐.bmp
0664360C,立ヒビキ驚.bmp
066B3E44,立ヒビキ嫌.bmp
0672467C,立ヒビキ笑.bmp
06794EB4,立ヒビキ通常.bmp
068056EC,立ヒビキ通常赤.bmp
06875F24,立ヒビキ怒.bmp
068E675C,立ヒビキ悲.bmp
06956F94,立ステラ恐.bmp
069C074C,立ステラ驚.bmp
06A29F04,立ステラ嫌.bmp
06A936BC,立ステラ笑.bmp
06AFCE74,立ステラ笑酔.bmp
06B6662C,立ステラ通常.bmp
06BCFDE4,立ステラ通常赤.bmp
06C3959C,立ステラ怒.bmp
06CA2D54,立ステラ悲.bmp
06D0C50C,立ホズミ恐.bmp
06D7CD44,立ホズミ驚.bmp
06DED57C,立ホズミ嫌.bmp
06E5DDB4,立ホズミ笑.bmp
06ECE5EC,立ホズミ通常.bmp
06F3EE24,立ホズミ通常赤.bmp
06FAF65C,立ホズミ怒.bmp
0701FE94,立ホズミ悲.bmp
070906CC,立マユミ恐.bmp
07100F04,立マユミ驚.bmp
0717173C,立マユミ嫌.bmp
071E1F74,立マユミ笑.bmp
072527AC,立マユミ通常.bmp
072C2FE4,立マユミ通常B.bmp
0733381C,立マユミ通常Ｂ.bmp
073A4054,立マユミ通常赤.bmp
0741488C,立マユミ通常帯.bmp
074850C4,立マユミ怒.bmp
074F58FC,立マユミ悲.bmp
07566134,立ミユキ恐.bmp
076103EC,立ミユキ驚.bmp
076BA6A4,立ミユキ嫌.bmp
0776495C,立ミユキ笑.bmp
0780EC14,立ミユキ通常.bmp
078B8ECC,立ミユキ通常赤.bmp
07963184,立ミユキ怒.bmp
07A0D43C,立ミユキ悲.bmp
07AB76F4,立ヨウコ恐.bmp
07B46E2C,立ヨウコ驚.bmp
07BD6564,立ヨウコ嫌.bmp
07C65C9C,立ヨウコ笑.bmp
07CF53D4,立ヨウコ通常.bmp
07D84B0C,立ヨウコ通常赤.bmp
07E14244,立ヨウコ怒.bmp
07EA397C,立ヨウコ悲.bmp
07F330B4,立リョウ恐.bmp
07FA38EC,立リョウ驚.bmp
08014124,立リョウ嫌.bmp
0808495C,立リョウ笑.bmp
080F5194,立リョウ通常.bmp
081659CC,立リョウ通常赤.bmp
081D6204,立リョウ怒.bmp
08246A3C,立リョウ悲.bmp
082B7274,立レイカ恐.bmp
08327AAC,立レイカ驚.bmp
083982E4,立レイカ嫌.bmp
08408B1C,立レイカ笑.bmp
08479354,立レイカ説明.bmp
084E9B8C,立レイカ通常.bmp
0855A3C4,立レイカ通常赤.bmp
085CABFC,立レイカ怒.bmp
0863B434,立レイカ悲.bmp
086ABC6C,立右ヨウコ恐.bmp
0872E924,立右ヨウコ驚.bmp
087B15DC,立右ヨウコ嫌.bmp
08834294,立右ヨウコ笑.bmp
088B6F4C,立右ヨウコ通常.bmp
08939C04,立右ヨウコ通常赤.bmp
089BC8BC,立右ヨウコ怒.bmp
08A3F574,立右ヨウコ悲.bmp
08AC222C,立左マユミ恐.bmp
08B32A64,立左マユミ驚.bmp
08BA329C,立左マユミ嫌.bmp
08C13AD4,立左マユミ笑.bmp
08C8430C,立左マユミ通常.bmp
08CF4B44,立左マユミ通常赤.bmp
08D6537C,立左マユミ怒.bmp
08DD5BB4,立左マユミ悲.bmp
08E463EC,立左ヨウコ恐.bmp
08EC63A4,立左ヨウコ驚.bmp
08F4635C,立左ヨウコ嫌.bmp
08FC6314,立左ヨウコ笑.bmp
090462CC,立左ヨウコ通常.bmp
090C6284,立左ヨウコ通常赤.bmp
0914623C,立左ヨウコ怒.bmp
091C61F4,立左ヨウコ悲.bmp
092461AC,冷戦.bmp
093271E2,徘徊するレイカ.bmp
09408218
