00000000,0_A.bmp
000004B8,0_B.bmp
00000970,1_A.bmp
00000E28,1_B.bmp
000012E0,2_A.bmp
00001798,2_B.bmp
00001C50,3_A.bmp
00002108,3_B.bmp
000025C0,4_A.bmp
00002A78,4_B.bmp
00002F30,53time.bmp
0000C868,54time.bmp
000161A0,55time.bmp
0001FAD8,56time.bmp
00029410,57time.bmp
00032D48,5_A.bmp
00033200,5_B.bmp
000336B8,6_A.bmp
00033B70,6_B.bmp
00034028,7_A.bmp
000344E0,7_B.bmp
00034998,8_A.bmp
00034E50,8_B.bmp
00035308,9_A.bmp
000357C0,9_B.bmp
00035C78,ANA.BMP
00040600,B01_A.bmp
00044838,B01_B.bmp
00048A70,B01_C.bmp
0004CCA8,B02_A.bmp
00050EE0,B02_B.bmp
00055118,B02_C.bmp
00059350,B03_A.bmp
0005D588,B03_B.bmp
000617C0,B03_C.bmp
000659F8,B04_A.bmp
00068BB0,B04_B.bmp
0006BD68,B04_C.bmp
0006EF20,B05_A.bmp
000720D8,B05_B.bmp
00075290,B05_C.bmp
00078448,B06_A.bmp
0007B600,B06_B.bmp
0007E7B8,B06_C.bmp
00081970,B07.BMP
0008B248,base.bmp
000B8280,BG_BOOK.BMP
001992B8,BG_CHUR1.BMP
0027A2F0,BG_CHUR2.BMP
0035B328,BG_CLOTH.BMP
0043C360,bg_cm.bmp
0051D398,BG_COMM1.BMP
005FE3D0,BG_COMM2.BMP
006DF408,BG_COMM3.bmp
007C0440,BG_COMMR.BMP
008A1478,BG_CORR.BMP
009824B0,BG_DEP1.BMP
00A634E8,BG_DEP2.BMP
00B44520,BG_DEP3.BMP
00C25558,BG_HANK1.BMP
00D06590,BG_HANK2.BMP
00DE75C8,BG_HTRI1.bmp
00EC8600,Bg_htri2.bmp
00FA9638,BG_HTRR1.bmp
0108A670,BG_MIKI1.BMP
0116B6A8,BG_MIKI2.BMP
0124C6E0,BG_MIKIR.BMP
0132D718,BG_NORI1.BMP
0140E750,BG_NORI2.BMP
014EF788,BG_PARK0.bmp
015D07C0,BG_PARK1.BMP
016B17F8,BG_PARK2.BMP
01792830,BG_PRI1.BMP
01873868,BG_PRI2.BMP
019548A0,BG_SBOX1.BMP
01A358D8,BG_SBOX2.bmp
01B16910,BG_SCHOOL1A.bmp
01BF7948,BG_SCHOOL1B.bmp
01CD8980,BG_SCHOOL2.BMP
01DB99B8,BG_SHOP1.BMP
01E9A9F0,BG_SHOP2.BMP
01F7BA28,BG_WFAL1.BMP
0205CA60,BG_YARD1.BMP
0213DA98,BLACK.BMP
0221EAD0,b_cfg01.bmp
02221B08,b_cfg02.bmp
02224B40,b_cfg03.bmp
02227B78,b_time01.bmp
0222ABB0,b_time02.bmp
0222DBE8,b_time03.bmp
02230C20,cam1.BMP
022340D8,cam2.BMP
02237590,cam3.BMP
0223AA48,cam_easy_mask.BMP
02272E80,cam_hard_mask.BMP
022AB2B8,cam_normal_mask.BMP
022E36F0,Cgpage1.bmp
023C4728,Cgpage2.bmp
024A5760,Cgpage3.bmp
02586798,chance1.bmp
025A62D0,chance2.bmp
025C5E08,chance3.bmp
025E5940,CHR.bmp
025E8978,Cmap1.bmp
026C99B0,Cmap2.bmp
027AA9E8,cm_cos003_00.bmp
027E2E20,cm_cos003_02.bmp
0281B258,cm_cos003_04.bmp
02853690,cm_cos003_06.bmp
0288BAC8,cm_cos003_08.bmp
028C3F00,cm_cos003_10.bmp
028FC338,cm_cos003_14.bmp
02934770,cm_cos003_20.bmp
0296CBA8,cm_ht001_00.bmp
029A4FE0,cm_ht001_02.bmp
029DD418,cm_ht001_04.bmp
02A15850,cm_ht001_06.bmp
02A4DC88,cm_ht001_08.bmp
02A860C0,cm_ht001_10.bmp
02ABE4F8,cm_ht001_14.bmp
02AF6930,cm_ht001_20.bmp
02B2ED68,cm_ht004_00.bmp
02B671A0,cm_ht004_02.bmp
02B9F5D8,cm_ht004_04.bmp
02BD7A10,cm_ht004_06.bmp
02C0FE48,cm_ht004_08.bmp
02C48280,cm_ht004_10.bmp
02C806B8,cm_ht004_14.bmp
02CB8AF0,cm_ht004_20.bmp
02CF0F28,cm_ht006b_00.bmp
02D29360,cm_ht006b_02.bmp
02D61798,cm_ht006b_04.bmp
02D99BD0,cm_ht006b_06.bmp
02DD2008,cm_ht006b_08.bmp
02E0A440,cm_ht006b_10.bmp
02E42878,cm_ht006b_14.bmp
02E7ACB0,cm_ht006b_20.bmp
02EB30E8,cm_ht009_00.bmp
02EEB520,cm_ht009_02.bmp
02F23958,cm_ht009_04.bmp
02F5BD90,cm_ht009_06.bmp
02F941C8,cm_ht009_08.bmp
02FCC600,cm_ht009_10.bmp
03004A38,cm_ht009_14.bmp
0303CE70,cm_ht009_20.bmp
030752A8,cm_ht010_00.bmp
030AD6E0,cm_ht010_02.bmp
030E5B18,cm_ht010_04.bmp
0311DF50,cm_ht010_06.bmp
03156388,cm_ht010_08.bmp
0318E7C0,cm_ht010_10.bmp
031C6BF8,cm_ht010_14.bmp
031FF030,cm_ht010_20.bmp
03237468,cm_ht014_00.bmp
0326F8A0,cm_ht014_02.bmp
032A7CD8,cm_ht014_04.bmp
032E0110,cm_ht014_06.bmp
03318548,cm_ht014_08.bmp
03350980,cm_ht014_10.bmp
03388DB8,cm_ht014_14.bmp
033C11F0,cm_ht014_20.bmp
033F9628,cm_mk001a_00.bmp
03431A60,cm_mk001a_02.bmp
03469E98,cm_mk001a_04.bmp
034A22D0,cm_mk001a_06.bmp
034DA708,cm_mk001a_08.bmp
03512B40,cm_mk001a_10.bmp
0354AF78,cm_mk001a_14.bmp
035833B0,cm_mk001a_20.bmp
035BB7E8,cm_mk002_00.bmp
035F3C20,cm_mk002_02.bmp
0362C058,cm_mk002_04.bmp
03664490,cm_mk002_06.bmp
0369C8C8,cm_mk002_08.bmp
036D4D00,cm_mk002_10.bmp
0370D138,cm_mk002_14.bmp
03745570,cm_mk002_20.bmp
0377D9A8,cm_mk004_00.bmp
037B5DE0,cm_mk004_02.bmp
037EE218,cm_mk004_04.bmp
03826650,cm_mk004_06.bmp
0385EA88,cm_mk004_08.bmp
03896EC0,cm_mk004_10.bmp
038CF2F8,cm_mk004_14.bmp
03907730,cm_mk004_20.bmp
0393FB68,cm_mk014_00.bmp
03977FA0,cm_mk014_02.bmp
039B03D8,cm_mk014_04.bmp
039E8810,cm_mk014_06.bmp
03A20C48,cm_mk014_08.bmp
03A59080,cm_mk014_10.bmp
03A914B8,cm_mk014_14.bmp
03AC98F0,cm_mk014_20.bmp
03B01D28,cm_mk020_00.bmp
03B3A160,cm_mk020_02.bmp
03B72598,cm_mk020_04.bmp
03BAA9D0,cm_mk020_06.bmp
03BE2E08,cm_mk020_08.bmp
03C1B240,cm_mk020_10.bmp
03C53678,cm_mk020_14.bmp
03C8BAB0,cm_mk020_20.bmp
03CC3EE8,cm_mk021b_00.bmp
03CFC320,cm_mk021b_02.bmp
03D34758,cm_mk021b_04.bmp
03D6CB90,cm_mk021b_06.bmp
03DA4FC8,cm_mk021b_08.bmp
03DDD400,cm_mk021b_10.bmp
03E15838,cm_mk021b_14.bmp
03E4DC70,cm_mk021b_20.bmp
03E860A8,cm_mt001a_00.bmp
03EBE4E0,cm_mt001a_02.bmp
03EF6918,cm_mt001a_04.bmp
03F2ED50,cm_mt001a_06.bmp
03F67188,cm_mt001a_08.bmp
03F9F5C0,cm_mt001a_10.bmp
03FD79F8,cm_mt001a_14.bmp
0400FE30,cm_mt001a_20.bmp
04048268,cm_mt001a2_00.bmp
040806A0,cm_mt001a2_02.bmp
040B8AD8,cm_mt001a2_04.bmp
040F0F10,cm_mt001a2_06.bmp
04129348,cm_mt001a2_08.bmp
04161780,cm_mt001a2_10.bmp
04199BB8,cm_mt001a2_14.bmp
041D1FF0,cm_mt001a2_20.bmp
0420A428,cm_mt002_00.bmp
04242860,cm_mt002_02.bmp
0427AC98,cm_mt002_04.bmp
042B30D0,cm_mt002_06.bmp
042EB508,cm_mt002_08.bmp
04323940,cm_mt002_10.bmp
0435BD78,cm_mt002_14.bmp
043941B0,cm_mt002_20.bmp
043CC5E8,cm_mt003_00.bmp
04404A20,cm_mt003_02.bmp
0443CE58,cm_mt003_04.bmp
04475290,cm_mt003_06.bmp
044AD6C8,cm_mt003_08.bmp
044E5B00,cm_mt003_10.bmp
0451DF38,cm_mt003_14.bmp
04556370,cm_mt003_20.bmp
0458E7A8,cm_mt005_00.bmp
045C6BE0,cm_mt005_02.bmp
045FF018,cm_mt005_04.bmp
04637450,cm_mt005_06.bmp
0466F888,cm_mt005_08.bmp
046A7CC0,cm_mt005_10.bmp
046E00F8,cm_mt005_14.bmp
04718530,cm_mt005_20.bmp
04750968,cm_mt007_00.bmp
04788DA0,cm_mt007_02.bmp
047C11D8,cm_mt007_04.bmp
047F9610,cm_mt007_06.bmp
04831A48,cm_mt007_08.bmp
04869E80,cm_mt007_10.bmp
048A22B8,cm_mt007_14.bmp
048DA6F0,cm_mt007_20.bmp
04912B28,cm_mt008_00.bmp
0494AF60,cm_mt008_02.bmp
04983398,cm_mt008_04.bmp
049BB7D0,cm_mt008_06.bmp
049F3C08,cm_mt008_08.bmp
04A2C040,cm_mt008_10.bmp
04A64478,cm_mt008_14.bmp
04A9C8B0,cm_mt008_20.bmp
04AD4CE8,cm_mt011_00.bmp
04B0D120,cm_mt011_02.bmp
04B45558,cm_mt011_04.bmp
04B7D990,cm_mt011_06.bmp
04BB5DC8,cm_mt011_08.bmp
04BEE200,cm_mt011_10.bmp
04C26638,cm_mt011_14.bmp
04C5EA70,cm_mt011_20.bmp
04C96EA8,cm_tk001a_00.bmp
04CCF2E0,cm_tk001a_02.bmp
04D07718,cm_tk001a_04.bmp
04D3FB50,cm_tk001a_06.bmp
04D77F88,cm_tk001a_08.bmp
04DB03C0,cm_tk001a_10.bmp
04DE87F8,cm_tk001a_14.bmp
04E20C30,cm_tk001a_20.bmp
04E59068,cm_tk002b_00.bmp
04E914A0,cm_tk002b_02.bmp
04EC98D8,cm_tk002b_04.bmp
04F01D10,cm_tk002b_06.bmp
04F3A148,cm_tk002b_08.bmp
04F72580,cm_tk002b_10.bmp
04FAA9B8,cm_tk002b_14.bmp
04FE2DF0,cm_tk002b_20.bmp
0501B228,cm_tk006_00.bmp
05053660,cm_tk006_02.bmp
0508BA98,cm_tk006_04.bmp
050C3ED0,cm_tk006_06.bmp
050FC308,cm_tk006_08.bmp
05134740,cm_tk006_10.bmp
0516CB78,cm_tk006_14.bmp
051A4FB0,cm_tk006_20.bmp
051DD3E8,cm_tk008d_00.bmp
05215820,cm_tk008d_02.bmp
0524DC58,cm_tk008d_04.bmp
05286090,cm_tk008d_06.bmp
052BE4C8,cm_tk008d_08.bmp
052F6900,cm_tk008d_10.bmp
0532ED38,cm_tk008d_14.bmp
05367170,cm_tk008d_20.bmp
0539F5A8,cm_tk009b_00.bmp
053D79E0,cm_tk009b_02.bmp
0540FE18,cm_tk009b_04.bmp
05448250,cm_tk009b_06.bmp
05480688,cm_tk009b_08.bmp
054B8AC0,cm_tk009b_10.bmp
054F0EF8,cm_tk009b_14.bmp
05529330,cm_tk009b_20.bmp
05561768,cm_tk010b_00.bmp
05599BA0,cm_tk010b_02.bmp
055D1FD8,cm_tk010b_04.bmp
0560A410,cm_tk010b_06.bmp
05642848,cm_tk010b_08.bmp
0567AC80,cm_tk010b_10.bmp
056B30B8,cm_tk010b_14.bmp
056EB4F0,cm_tk010b_20.bmp
05723928,cursor0.bmp
05724020,cursor1.bmp
05724718,cursor2.bmp
05724E10,cursor3.bmp
05725508,cursor4.bmp
05725C00,cursor5.bmp
057262F8,EV_COS001.BMP
05807330,EV_COS002.BMP
058E8368,EV_COS003.BMP
059C93A0,EV_HT001.BMP
05AAA3D8,EV_HT004.bmp
05B8B410,EV_HT007.bmp
05C6C448,EV_HT012.bmp
05D4D480,EV_HT014.BMP
05E2E4B8,EV_HT015.BMP
05F0F4F0,Ev_ht006A.bmp
05FF0528,EV_HT006B.BMP
060D1560,EV_HT007B.bmp
061B2598,EV_HT008A.BMP
062935D0,EV_HT008C.BMP
06374608,EV_HT008D.BMP
06455640,EV_HT008B.BMP
06536678,EV_HT009A.bmp
066176B0,EV_HT009B.bmp
066F86E8,EV_HT009C.bmp
067D9720,EV_HT010A.BMP
068BA758,EV_HT010B.BMP
0699B790,EV_HT010C.BMP
06A7C7C8,EV_HT012A.BMP
06B5D800,EV_HT012B.BMP
06C3E838,EV_HT012C.BMP
06D1F870,ev_mk002.bmp
06E008A8,EV_MK004.BMP
06EE18E0,EV_MK010.BMP
06FC2918,EV_MK012.BMP
070A3950,EV_MK014.BMP
07184988,EV_MK015.BMP
072659C0,EV_MK020.BMP
073469F8,EV_MK001A.bmp
07508A30,EV_MK001B.bmp
075E9A68,EV_MK011A.BMP
076CAAA0,EV_MK011B.BMP
077ABAD8,EV_MK021A.BMP
0788CB10,EV_MK021B.BMP
0796DB48,EV_MK100A.bmp
07A4EB80,EV_MK100B.bmp
07B2FBB8,EV_MT002.bmp
07C10BF0,EV_MT003.BMP
07CF1C28,EV_MT005.bmp
07DD2C60,EV_MT006.bmp
07EB3C98,EV_MT011.BMP
07F94CD0,EV_MT012.BMP
08075D08,EV_MT001A.BMP
08237D40,EV_MT001A2.bmp
083F9D78,EV_MT001B.BMP
085BBDB0,EV_MT001B2.bmp
0877DDE8,EV_MT007A.bmp
0885EE20,EV_MT008A.BMP
0893FE58,EV_MT008B.BMP
08A20E90,EV_MT008C.BMP
08B01EC8,EV_MT009A.BMP
08BE2F00,EV_MT009B.BMP
08CC3F38,EV_MT009C.BMP
08DA4F70,EV_TK005.BMP
08E85FA8,EV_TK006.BMP
08F66FE0,EV_TK007.BMP
09048018,EV_TK011.bmp
09129050,EV_TK001A.BMP
0920A088,EV_TK001B.BMP
092EB0C0,EV_TK002A.BMP
093CC0F8,EV_TK002B.BMP
094AD130,EV_TK002C.BMP
0958E168,EV_TK002D.BMP
0966F1A0,EV_TK002E.BMP
097501D8,EV_TK003A.BMP
09831210,EV_TK003B.BMP
09912248,EV_TK003C.BMP
099F3280,EV_TK008A.BMP
09AD42B8,EV_TK008B.BMP
09BB52F0,EV_TK008C.bmp
09C96328,EV_TK008D.BMP
09D77360,EV_TK009A.BMP
09E58398,EV_TK009B.BMP
09F393D0,EV_TK010A.bmp
0A01A408,EV_TK010B.bmp
0A0FB440,EV_TK012A.BMP
0A1DC478,EV_TK012B.BMP
0A2BD4B0,fin_cos003_00.bmp
0A2F58E8,fin_ht001_00.bmp
0A32DD20,fin_ht004_00.bmp
0A366158,fin_ht006b_00.bmp
0A39E590,fin_ht009_00.bmp
0A3D69C8,fin_ht010_00.bmp
0A40EE00,fin_ht014_00.bmp
0A447238,fin_mk001a_00.bmp
0A47F670,fin_mk002_00.bmp
0A4B7AA8,fin_mk004_00.bmp
0A4EFEE0,fin_mk014_00.bmp
0A528318,fin_mk020_00.bmp
0A560750,fin_mk021b_00.bmp
0A598B88,fin_mt001a_00.bmp
0A5D0FC0,fin_mt001a2_00.bmp
0A6093F8,fin_mt002_00.bmp
0A641830,fin_mt003_00.bmp
0A679C68,fin_mt005_00.bmp
0A6B20A0,fin_mt007_00.bmp
0A6EA4D8,fin_mt008_00.bmp
0A722910,fin_mt011_00.bmp
0A75AD48,fin_tk001a_00.bmp
0A793180,fin_tk002b_00.bmp
0A7CB5B8,fin_tk006_00.bmp
0A8039F0,fin_tk008d_00.bmp
0A83BE28,fin_tk009b_00.bmp
0A874260,fin_tk010b_00.bmp
0A8AC698,fire0.bmp
0A8EBB50,fire1.bmp
0A92B008,fire2.bmp
0A96A4C0,fire3.bmp
0A9A9978,full_win1.bmp
0A9ABF30,full_win2.bmp
0A9AE4E8,GiveUp_1.bmp
0A9B7820,GiveUp_2.bmp
0A9C0B58,guide_W.bmp
0A9D4690,kaisou.bmp
0AAB56C8,KS01_A.bmp
0AABDF80,KS01_B.bmp
0AAC6838,KS02_A.bmp
0AACF0F0,KS02_B.bmp
0AAD79A8,KS03_A.bmp
0AAE0260,KS03_B.bmp
0AAE8B18,KS04_A.bmp
0AAF13D0,KS04_B.bmp
0AAF9C88,KS05_A.bmp
0AB02540,KS05_B.bmp
0AB0ADF8,KS06_A.bmp
0AB136B0,KS06_B.bmp
0AB1BF68,KS07_A.bmp
0AB24820,KS07_B.bmp
0AB2D0D8,KS08_A.bmp
0AB35990,KS08_B.bmp
0AB3E248,Ks09_a.bmp
0AB46B00,Ks09_b.bmp
0AB4F3B8,Ks10_a.bmp
0AB57C70,Ks10_b.bmp
0AB60528,Ks11_a.bmp
0AB68DE0,Ks11_b.bmp
0AB71698,Ks12_a.bmp
0AB79F50,Ks12_b.bmp
0AB82808,Ks13_a.bmp
0AB8B0C0,Ks13_b.bmp
0AB93978,LOGO.BMP
0ABC4D30,MAP.BMP
0ACA5D68,Mapmask.bmp
0AD86DA0,mode1.bmp
0AD885D8,mode2.bmp
0AD89E10,mode3.bmp
0AD8B648,mode4.bmp
0AD8CE80,M_CFG.bmp
0ADCFC38,M_CFG1.bmp
0ADD1E30,M_LIST.bmp
0AE14BE8,M_LIST1.bmp
0AE16DE0,M_LIST2.BMP
0AE18FD8,M_LOAD.bmp
0AE64790,M_LOAD1.bmp
0AE66988,M_load2.bmp
0AEB2140,M_LOAD3.bmp
0AEB4338,M_OK1.bmp
0AEB6530,M_SAVE.bmp
0AF01CE8,M_SAVE1.bmp
0AF03EE0,M_SAVE2.bmp
0AF060D8,m_s_01.bmp
0AF0FDD0,m_s_01b.bmp
0AF19AC8,m_s_01c.bmp
0AF237C0,m_s_02.bmp
0AF2D4B8,m_s_02b.bmp
0AF371B0,m_s_02c.bmp
0AF40EA8,m_s_03.bmp
0AF4ABA0,m_s_03b.bmp
0AF54898,m_s_03c.bmp
0AF5E590,m_s_04.bmp
0AF68288,m_s_04b.bmp
0AF71F80,m_s_04c.bmp
0AF7BC78,m_s_05.bmp
0AF85970,m_s_05b.bmp
0AF8F668,m_s_05c.bmp
0AF99360,m_s_06.bmp
0AFA3058,m_s_06b.bmp
0AFACD50,m_s_06c.bmp
0AFB6A48,m_s_07.bmp
0AFC0740,m_s_07b.bmp
0AFCA438,m_s_07c.bmp
0AFD4130,m_s_08.bmp
0AFDDE28,m_s_08b.bmp
0AFE7B20,m_s_08c.bmp
0AFF1818,m_s_09.bmp
0AFFB510,m_s_09b.bmp
0B005208,m_s_09c.bmp
0B00EF00,m_s_10.bmp
0B018BF8,m_s_10b.bmp
0B0228F0,m_s_10c.bmp
0B02C5E8,m_s_11.bmp
0B0362E0,m_s_11b.bmp
0B03FFD8,m_s_11c.bmp
0B049CD0,M_TITLE.bmp
0B08CA88,M_TITLE1.bmp
0B08EC80,M_TITLE2.bmp
0B090E78,m_window.bmp
0B0B84B0,m_window1.bmp
0B0BB1E8,m_window2.bmp
0B0BDF20,m_window3.bmp
0B0C0C58,m_window4.bmp
0B0C3990,m_window5.bmp
0B0C66C8,m_window6.bmp
0B0C9400,m_window7.bmp
0B0CC138,ok_cancel1.bmp
0B0D2770,ok_cancel2.bmp
0B0D8DA8,ok_cancel3.bmp
0B0DF3E0,onoff1.bmp
0B0E0C18,onoff2.bmp
0B0E2450,onoff3.bmp
0B0E3C88,onoff4.bmp
0B0E54C0,point.bmp
0B0E57F8,point2.bmp
0B0E65B0,point3.bmp
0B0E6768,Retry_1.bmp
0B0EFAA0,Retry_2.bmp
0B0F8DD8,Setup.bmp
0B1713B0,speed1A.bmp
0B171868,speed1B.bmp
0B171D20,speed2A.bmp
0B1721D8,speed2B.bmp
0B172690,speed3A.bmp
0B172B48,speed3B.bmp
0B173000,speed4A.bmp
0B1734B8,speed4B.bmp
0B173970,speed5A.bmp
0B173E28,speed5B.bmp
0B1742E0,SP_COS通常.BMP
0B239118,SP_COS通常２.BMP
0B2FDF50,SP_COS喜.BMP
0B3C2D88,SP_COS泣.BMP
0B487BC0,SP_COS驚.BMP
0B54C9F8,SP_HTR寝困.BMP
0B5BFF30,SP_HTR寝怒.BMP
0B633468,SP_HTR体驚.BMP
0B6A69A0,SP_HTR体好.BMP
0B719ED8,SP_HTR体困.BMP
0B78D410,SP_HTR体謝罪.BMP
0B800948,SP_HTR体笑.BMP
0B873E80,SP_HTR体通常.BMP
0B8E73B8,SP_HTR体怒.BMP
0B95A8F0,SP_HTR体疲.BMP
0B9CDE28,SP_KEI通常.BMP
0BA41360,SP_KEI謝罪.bmp
0BAB4898,SP_MKI私驚.BMP
0BB27DD0,SP_MKI私困.BMP
0BB9B308,SP_MKI私手.BMP
0BC7C340,SP_MKI私手笑.BMP
0BD5D378,SP_MKI私手笑赤.bmp
0BE3E3B0,SP_MKI私手赤.bmp
0BF1F3E8,SP_MKI私照.BMP
0BF92920,SP_MKI私笑.BMP
0C005E58,SP_MKI私通常.BMP
0C079390,SP_MKI私悲.BMP
0C0EC8C8,SP_MKI塾横.BMP
0C15FE00,SP_MKI塾我慢.BMP
0C1D3338,SP_MKI塾驚.BMP
0C246870,SP_MKI塾手.BMP
0C3278A8,SP_MKI塾手笑.BMP
0C4088E0,SP_MKI塾手笑赤.BMP
0C4E9918,SP_MKI塾手赤.BMP
0C5CA950,SP_MKI塾笑.BMP
0C63DE88,SP_MKI塾通常.BMP
0C6B13C0,SP_MKI塾落胆.BMP
0C7248F8,SP_MTM私ぼ.BMP
0C797E30,SP_MTM私横.BMP
0C80B368,SP_MTM私輝.BMP
0C87E8A0,SP_MTM私驚.BMP
0C8F1DD8,SP_MTM私笑.BMP
0C965310,SP_MTM私通常.BMP
0C9D8848,SP_MTM私悩.BMP
0CA4BD80,SP_MTM長通常.BMP
0CABF2B8,SP_MTM巫笑.BMP
0CB327F0,SP_MTM巫通常.BMP
0CBA5D28,SP_MTM巫悩.BMP
0CC19260,SP_tk009.BMP
0CC41A98,SP_TK009c.bmp
0CC4F2D0,SP_TK009D.BMP
0CC5CB08,SP_TKGＴ驚.BMP
0CCD0040,SP_TKGＴ通常.BMP
0CD43578,SP_TKG私悦.BMP
0CDB6AB0,SP_TKG私驚.BMP
0CE29FE8,SP_TKG私困.BMP
0CE9D520,SP_TKG私照.bmp
0CF10A58,SP_TKG私笑.BMP
0CF83F90,SP_TKG私笑酒.BMP
0CFF74C8,SP_TKG私通常.BMP
0D06AA00,SP_TKG私怒.BMP
0D0DDF38,SP_TKG私悲.BMP
0D151470,SP_TKG塾泣.BMP
0D1C76A8,SP_TKG塾驚.BMP
0D23D8E0,SP_TKG塾困.BMP
0D2B3B18,SP_TKG塾照.BMP
0D329D50,SP_TKG塾笑.BMP
0D39FF88,SP_TKG塾通常.BMP
0D4161C0,SP_TKG塾怒.BMP
0D48C3F8,SP_TKG巫驚.BMP
0D505330,SP_TKG巫困.BMP
0D57E268,SP_TKG巫照.BMP
0D5F71A0,SP_TKG巫笑.BMP
0D6700D8,SP_YNA通常.BMP
0D6E3610,SP_YNA笑.BMP
0D756B48,SP_YNA悲.BMP
0D7CA080,staff01.BMP
0D7D54B8,Staff02.bmp
0D7EBCF0,Staff03.bmp
0D7F7128,Staff04.bmp
0D845D60,STAFF05.BMP
0D851198,Staff06.bmp
0D85C5D0,Staff07.bmp
0D867A08,Staff08.bmp
0D872E40,Staff09.bmp
0D87E278,Staff10.bmp
0D88A2B0,staff11.BMP
0D8A0AE8,start_1.bmp
0D8A9E20,start_2.bmp
0D8B3158,S_CO00.bmp
0D8BF190,S_CO02.bmp
0D8CB1C8,S_CS_001.bmp
0D8CEA40,S_CS_002.bmp
0D8D22B8,S_CS_003.bmp
0D8D5B30,S_full1.BMP
0D8D7368,S_full2.BMP
0D8D8BA0,S_HART.bmp
0D8DF7D8,S_HO00.bmp
0D8EB810,S_HO02.bmp
0D8F7848,S_HT_001.bmp
0D8FB0C0,S_HT_004.bmp
0D8FE938,S_HT_012.bmp
0D9021B0,S_HT_014.bmp
0D905A28,S_HT_015.bmp
0D9092A0,S_HT_006A.bmp
0D90CB18,S_HT_006B.bmp
0D910390,S_HT_007B.bmp
0D913C08,S_HT_008A.bmp
0D917480,S_HT_008B.bmp
0D91ACF8,S_HT_008C.bmp
0D91E570,S_HT_008D.bmp
0D921DE8,S_HT_009A.bmp
0D925660,S_HT_009B.bmp
0D928ED8,S_HT_009C.bmp
0D92C750,S_HT_010A.bmp
0D92FFC8,S_HT_010B.bmp
0D933840,S_HT_010C.bmp
0D9370B8,S_HT_012A.bmp
0D93A930,S_HT_012B.bmp
0D93E1A8,S_HT_012C.bmp
0D941A20,S_KE00.BMP
0D94DA58,S_KE02.bmp
0D959A90,S_MK00.bmp
0D965AC8,S_MK02.bmp
0D971B00,S_MK_002.bmp
0D975378,S_MK_004.bmp
0D978BF0,S_MK_010.bmp
0D97C468,S_MK_012.bmp
0D97FCE0,S_MK_014.bmp
0D983558,S_MK_015.bmp
0D986DD0,S_MK_020.bmp
0D98A648,S_MK_001A.bmp
0D98DEC0,S_MK_001B.bmp
0D991738,S_MK_011A.bmp
0D994FB0,S_MK_011B.bmp
0D998828,S_MK_021A.bmp
0D99C0A0,S_MK_021B.bmp
0D99F918,S_MK_100A.bmp
0D9A3190,S_MK_100B.bmp
0D9A6A08,S_MT00.bmp
0D9B2A40,S_MT02.bmp
0D9BEA78,S_MT_002.bmp
0D9C22F0,S_MT_003.bmp
0D9C5B68,S_MT_005.bmp
0D9C93E0,S_MT_006.bmp
0D9CCC58,S_MT_007.bmp
0D9D04D0,S_MT_011.bmp
0D9D3D48,S_MT_012.bmp
0D9D75C0,S_MT_001A.bmp
0D9DAE38,S_MT_001A2.bmp
0D9DE6B0,S_MT_001B.bmp
0D9E1F28,S_MT_001B2.bmp
0D9E57A0,S_MT_002A.bmp
0D9E9018,S_MT_002B.bmp
0D9EC890,S_MT_008A.bmp
0D9F0108,S_MT_008B.bmp
0D9F3980,S_MT_008C.bmp
0D9F71F8,S_MT_009A.bmp
0D9FAA70,S_MT_009B.bmp
0D9FE2E8,S_MT_009C.bmp
0DA01B60,S_NO00.bmp
0DA0DB98,S_NO02.bmp
0DA19BD0,S_PL00.bmp
0DA25C08,S_TK_005.bmp
0DA29480,S_TK_006.bmp
0DA2CCF8,S_TK_007.bmp
0DA30570,S_TK_011.bmp
0DA33DE8,S_TK_001A.bmp
0DA37660,S_TK_001B.bmp
0DA3AED8,S_TK_002A.bmp
0DA3E750,S_TK_002B.bmp
0DA41FC8,S_TK_002C.bmp
0DA45840,S_TK_002D.bmp
0DA490B8,S_TK_002E.bmp
0DA4C930,S_TK_003A.bmp
0DA501A8,S_TK_003B.bmp
0DA53A20,S_TK_003C.bmp
0DA57298,S_TK_008A.bmp
0DA5AB10,S_TK_008B.bmp
0DA5E388,S_TK_008C.bmp
0DA61C00,S_TK_008D.bmp
0DA65478,S_TK_009A.bmp
0DA68CF0,S_TK_009B.bmp
0DA6C568,S_TK_010A.bmp
0DA6FDE0,S_TK_010B.bmp
0DA73658,S_TK_012A.bmp
0DA76ED0,S_TK_012B.bmp
0DA7A748,S_win1.BMP
0DA7BF80,S_win2.BMP
0DA7D7B8,S_YU02.bmp
0DA897F0,TIME.BMP
0DA92E28,TIME3.BMP
0DA9AA20,TITLE.bmp
0DB7BA58,title2.bmp
0DC5CA90,title_01A.bmp
0DC60CC8,title_01B.bmp
0DC64F00,title_02A.bmp
0DC69138,title_02B.bmp
0DC6D370,title_03A.bmp
0DC715A8,title_03B.bmp
0DC757E0,title_04A.bmp
0DC79A18,title_04B.bmp
0DC7DC50,title_05A.bmp
0DC81E88,title_05B.bmp
0DC860C0,TK010B.bmp
0DD670F8,TK010Ａ.bmp
0DE48130,TO.BMP
0DE509E8,URA.BMP
0DE52E20,URA2.BMP
0DE562D8,WAKU.bmp
0DE5A300,warning.bmp
0DE721B8,WHITE.BMP
0DF531F0,win_full1.bmp
0DF557A8,win_full2.bmp
0DF57D60,yesno1.bmp
0DF5E398,yesno2.bmp
0DF649D0,yesno3.bmp
0DF6B008
